// Jest Snapshot v1, https://goo.gl/fbAQLP

exports[`<TableOfContent/> renders an empty table of content if items is undefined 1`] = `
<DocumentFragment>
  <nav
    aria-label="Text navigation"
    class="table-content"
  >
    <ul />
  </nav>
</DocumentFragment>
`;

exports[`<TableOfContent/> renders the table of content 1`] = `
<DocumentFragment>
  <nav
    aria-label="Text navigation"
    class="table-content"
  >
    <ul>
      <li>
        <a
          href="#my-requirements"
        >
          My requirements
        </a>
      </li>
      <li>
        <a
          href="#what-is-gatsby-"
        >
          What is Gatsby ?
        </a>
      </li>
      <ul>
        <li>
          <a
            href="#why-gatsby-"
          >
            Why Gatsby ?
          </a>
        </li>
        <ul>
          <li>
            <a
              href="#because"
            >
              Because
            </a>
          </li>
          <li>
            <a
              href="#i-got-high"
            >
              I got high
            </a>
          </li>
        </ul>
      </ul>
      <li>
        <a
          href="#conclusion"
        >
          Conclusion
        </a>
      </li>
    </ul>
  </nav>
</DocumentFragment>
`;
