// Jest Snapshot v1, https://goo.gl/fbAQLP

exports[`<NavSocialIcons/> renders correctly 1`] = `
<DocumentFragment>
  <ul
    class="social-icons nav"
    role=""
  >
    <li
      class="nav-item"
    >
      <a
        aria-label="Linked'In"
        class="nav-link"
        data-rr-ui-event-key="https://linkedin.com"
        href="https://linkedin.com"
        rel="noopener noreferrer"
        target="_blank"
      />
    </li>
    <li
      class="nav-item"
    >
      <a
        aria-label="Github"
        class="nav-link"
        data-rr-ui-event-key="https://github.com"
        href="https://github.com"
        rel="noopener noreferrer"
        target="_blank"
      />
    </li>
    <li
      class="nav-item"
    >
      <a
        aria-label="Twitter"
        class="nav-link"
        data-rr-ui-event-key="https://twitter.com"
        href="https://twitter.com"
        rel="noopener noreferrer"
        target="_blank"
      />
    </li>
  </ul>
</DocumentFragment>
`;
